#! /c/Source/iverilog-install/bin/vvp
:ivl_version "12.0 (devel)" "(s20150603-1539-g2693dd32b)";
:ivl_delay_selection "TYPICAL";
:vpi_time_precision - 9;
:vpi_module "C:\iverilog\lib\ivl\system.vpi";
:vpi_module "C:\iverilog\lib\ivl\vhdl_sys.vpi";
:vpi_module "C:\iverilog\lib\ivl\vhdl_textio.vpi";
:vpi_module "C:\iverilog\lib\ivl\v2005_math.vpi";
:vpi_module "C:\iverilog\lib\ivl\va_math.vpi";
:vpi_module "C:\iverilog\lib\ivl\v2009.vpi";
S_0000019b82afcd50 .scope package, "$unit" "$unit" 2 1;
 .timescale 0 0;
S_0000019b82afcee0 .scope module, "CntSecMinHr" "CntSecMinHr" 3 7;
 .timescale -9 -9;
    .port_info 0 /INPUT 1 "clk";
    .port_info 1 /INPUT 1 "rst";
    .port_info 2 /OUTPUT 6 "sec";
    .port_info 3 /OUTPUT 6 "min";
    .port_info 4 /OUTPUT 5 "hr";
o0000019b82b49788 .functor BUFZ 1, C4<z>; HiZ drive
v0000019b82b398e0_0 .net "clk", 0 0, o0000019b82b49788;  0 drivers
v0000019b82b23540_0 .net "en1hr", 0 0, L_0000019b82b41f20;  1 drivers
v0000019b82b24120_0 .net "en1min", 0 0, L_0000019b82b41c10;  1 drivers
v0000019b82b235e0_0 .net "en1sec", 0 0, L_0000019b82b416d0;  1 drivers
v0000019b82b23720_0 .net "hr", 4 0, v0000019b82b3a1a0_0;  1 drivers
v0000019b82b24260_0 .net "min", 5 0, v0000019b82b39de0_0;  1 drivers
o0000019b82b49848 .functor BUFZ 1, C4<z>; HiZ drive
v0000019b82b24c60_0 .net "rst", 0 0, o0000019b82b49848;  0 drivers
v0000019b82b24300_0 .net "sec", 5 0, v0000019b82b3b320_0;  1 drivers
S_0000019b82ae14e0 .scope module, "cnt1sec" "Counter" 3 14, 3 20 0, S_0000019b82afcee0;
 .timescale -9 -9;
    .port_info 0 /INPUT 1 "clk";
    .port_info 1 /INPUT 1 "rst";
    .port_info 2 /INPUT 1 "en";
    .port_info 3 /OUTPUT 4 "cnt";
    .port_info 4 /OUTPUT 1 "co";
P_0000019b82b3e400 .param/l "M" 0 3 21, +C4<00000000000000000000000000001010>;
L_0000019b82f4a288 .functor BUFT 1, C4<1>, C4<0>, C4<0>, C4<0>;
L_0000019b82b416d0 .functor AND 1, L_0000019b82f4a288, L_0000019b82f48ff0, C4<1>, C4<1>;
v0000019b82b3a740_0 .net *"_ivl_0", 31 0, L_0000019b82f485f0;  1 drivers
L_0000019b82f4a1f8 .functor BUFT 1, C4<0000000000000000000000000000>, C4<0>, C4<0>, C4<0>;
v0000019b82b39840_0 .net *"_ivl_3", 27 0, L_0000019b82f4a1f8;  1 drivers
L_0000019b82f4a240 .functor BUFT 1, C4<00000000000000000000000000001001>, C4<0>, C4<0>, C4<0>;
v0000019b82b395c0_0 .net/2u *"_ivl_4", 31 0, L_0000019b82f4a240;  1 drivers
v0000019b82b3b140_0 .net *"_ivl_6", 0 0, L_0000019b82f48ff0;  1 drivers
v0000019b82b3aba0_0 .net "clk", 0 0, o0000019b82b49788;  alias, 0 drivers
v0000019b82b3a420_0 .var "cnt", 3 0;
v0000019b82b3a560_0 .net "co", 0 0, L_0000019b82b416d0;  alias, 1 drivers
v0000019b82b3af60_0 .net "en", 0 0, L_0000019b82f4a288;  1 drivers
v0000019b82b39f20_0 .net "rst", 0 0, o0000019b82b49848;  alias, 0 drivers
E_0000019b82b3dd40 .event posedge, v0000019b82b3aba0_0;
L_0000019b82f485f0 .concat [ 4 28 0 0], v0000019b82b3a420_0, L_0000019b82f4a1f8;
L_0000019b82f48ff0 .cmp/eq 32, L_0000019b82f485f0, L_0000019b82f4a240;
S_0000019b82ae54f0 .scope module, "cnt24hr" "Counter" 3 17, 3 20 0, S_0000019b82afcee0;
 .timescale -9 -9;
    .port_info 0 /INPUT 1 "clk";
    .port_info 1 /INPUT 1 "rst";
    .port_info 2 /INPUT 1 "en";
    .port_info 3 /OUTPUT 5 "cnt";
    .port_info 4 /OUTPUT 1 "co";
P_0000019b82b3e080 .param/l "M" 0 3 21, +C4<00000000000000000000000000011000>;
L_0000019b82b419e0 .functor AND 1, L_0000019b82b41f20, L_0000019b82f49a90, C4<1>, C4<1>;
v0000019b82b3a100_0 .net *"_ivl_0", 31 0, L_0000019b82f493b0;  1 drivers
L_0000019b82f4a3f0 .functor BUFT 1, C4<000000000000000000000000000>, C4<0>, C4<0>, C4<0>;
v0000019b82b3aa60_0 .net *"_ivl_3", 26 0, L_0000019b82f4a3f0;  1 drivers
L_0000019b82f4a438 .functor BUFT 1, C4<00000000000000000000000000010111>, C4<0>, C4<0>, C4<0>;
v0000019b82b39ca0_0 .net/2u *"_ivl_4", 31 0, L_0000019b82f4a438;  1 drivers
v0000019b82b3b460_0 .net *"_ivl_6", 0 0, L_0000019b82f49a90;  1 drivers
v0000019b82b39660_0 .net "clk", 0 0, o0000019b82b49788;  alias, 0 drivers
v0000019b82b3a1a0_0 .var "cnt", 4 0;
v0000019b82b3ae20_0 .net "co", 0 0, L_0000019b82b419e0;  1 drivers
v0000019b82b3a6a0_0 .net "en", 0 0, L_0000019b82b41f20;  alias, 1 drivers
v0000019b82b3a600_0 .net "rst", 0 0, o0000019b82b49848;  alias, 0 drivers
L_0000019b82f493b0 .concat [ 5 27 0 0], v0000019b82b3a1a0_0, L_0000019b82f4a3f0;
L_0000019b82f49a90 .cmp/eq 32, L_0000019b82f493b0, L_0000019b82f4a438;
S_0000019b82ae5680 .scope module, "cnt60min" "Counter" 3 16, 3 20 0, S_0000019b82afcee0;
 .timescale -9 -9;
    .port_info 0 /INPUT 1 "clk";
    .port_info 1 /INPUT 1 "rst";
    .port_info 2 /INPUT 1 "en";
    .port_info 3 /OUTPUT 6 "cnt";
    .port_info 4 /OUTPUT 1 "co";
P_0000019b82b3e5c0 .param/l "M" 0 3 21, +C4<00000000000000000000000000111100>;
L_0000019b82b41f20 .functor AND 1, L_0000019b82b41c10, L_0000019b82f48af0, C4<1>, C4<1>;
v0000019b82b3b1e0_0 .net *"_ivl_0", 31 0, L_0000019b82f49270;  1 drivers
L_0000019b82f4a360 .functor BUFT 1, C4<00000000000000000000000000>, C4<0>, C4<0>, C4<0>;
v0000019b82b39d40_0 .net *"_ivl_3", 25 0, L_0000019b82f4a360;  1 drivers
L_0000019b82f4a3a8 .functor BUFT 1, C4<00000000000000000000000000111011>, C4<0>, C4<0>, C4<0>;
v0000019b82b3ab00_0 .net/2u *"_ivl_4", 31 0, L_0000019b82f4a3a8;  1 drivers
v0000019b82b39980_0 .net *"_ivl_6", 0 0, L_0000019b82f48af0;  1 drivers
v0000019b82b39700_0 .net "clk", 0 0, o0000019b82b49788;  alias, 0 drivers
v0000019b82b39de0_0 .var "cnt", 5 0;
v0000019b82b397a0_0 .net "co", 0 0, L_0000019b82b41f20;  alias, 1 drivers
v0000019b82b3a7e0_0 .net "en", 0 0, L_0000019b82b41c10;  alias, 1 drivers
v0000019b82b39e80_0 .net "rst", 0 0, o0000019b82b49848;  alias, 0 drivers
L_0000019b82f49270 .concat [ 6 26 0 0], v0000019b82b39de0_0, L_0000019b82f4a360;
L_0000019b82f48af0 .cmp/eq 32, L_0000019b82f49270, L_0000019b82f4a3a8;
S_0000019b82add450 .scope module, "cnt60sec" "Counter" 3 15, 3 20 0, S_0000019b82afcee0;
 .timescale -9 -9;
    .port_info 0 /INPUT 1 "clk";
    .port_info 1 /INPUT 1 "rst";
    .port_info 2 /INPUT 1 "en";
    .port_info 3 /OUTPUT 6 "cnt";
    .port_info 4 /OUTPUT 1 "co";
P_0000019b82b3e380 .param/l "M" 0 3 21, +C4<00000000000000000000000000111100>;
L_0000019b82b41c10 .functor AND 1, L_0000019b82b416d0, L_0000019b82f49130, C4<1>, C4<1>;
v0000019b82b3a240_0 .net *"_ivl_0", 31 0, L_0000019b82f48910;  1 drivers
L_0000019b82f4a2d0 .functor BUFT 1, C4<00000000000000000000000000>, C4<0>, C4<0>, C4<0>;
v0000019b82b39a20_0 .net *"_ivl_3", 25 0, L_0000019b82f4a2d0;  1 drivers
L_0000019b82f4a318 .functor BUFT 1, C4<00000000000000000000000000111011>, C4<0>, C4<0>, C4<0>;
v0000019b82b3ace0_0 .net/2u *"_ivl_4", 31 0, L_0000019b82f4a318;  1 drivers
v0000019b82b3ac40_0 .net *"_ivl_6", 0 0, L_0000019b82f49130;  1 drivers
v0000019b82b3aec0_0 .net "clk", 0 0, o0000019b82b49788;  alias, 0 drivers
v0000019b82b3b320_0 .var "cnt", 5 0;
v0000019b82b3b000_0 .net "co", 0 0, L_0000019b82b41c10;  alias, 1 drivers
v0000019b82b3b0a0_0 .net "en", 0 0, L_0000019b82b416d0;  alias, 1 drivers
v0000019b82b3b280_0 .net "rst", 0 0, o0000019b82b49848;  alias, 0 drivers
L_0000019b82f48910 .concat [ 6 26 0 0], v0000019b82b3b320_0, L_0000019b82f4a2d0;
L_0000019b82f49130 .cmp/eq 32, L_0000019b82f48910, L_0000019b82f4a318;
S_0000019b82ae9e80 .scope module, "Falling2En" "Falling2En" 4 17;
 .timescale -9 -9;
    .port_info 0 /INPUT 1 "clk";
    .port_info 1 /INPUT 1 "in";
    .port_info 2 /OUTPUT 1 "en";
    .port_info 3 /OUTPUT 1 "out";
P_0000019b82b3dcc0 .param/l "SYNC_STG" 0 4 17, +C4<00000000000000000000000000000001>;
v0000019b82b23900_0 .net *"_ivl_1", 1 0, L_0000019b82f49810;  1 drivers
v0000019b82b244e0_0 .net *"_ivl_2", 2 0, L_0000019b82f49590;  1 drivers
L_0000019b82f4a480 .functor BUFT 1, C4<0>, C4<0>, C4<0>, C4<0>;
v0000019b82b239a0_0 .net *"_ivl_5", 0 0, L_0000019b82f4a480;  1 drivers
L_0000019b82f4a4c8 .functor BUFT 1, C4<010>, C4<0>, C4<0>, C4<0>;
v0000019b82b23a40_0 .net/2u *"_ivl_6", 2 0, L_0000019b82f4a4c8;  1 drivers
o0000019b82b4a148 .functor BUFZ 1, C4<z>; HiZ drive
v0000019b82b23b80_0 .net "clk", 0 0, o0000019b82b4a148;  0 drivers
v0000019b82b24620_0 .var "dly", 1 0;
v0000019b82b1b9f0_0 .net "en", 0 0, L_0000019b82f49630;  1 drivers
o0000019b82b4a1d8 .functor BUFZ 1, C4<z>; HiZ drive
v0000019b82b1bbd0_0 .net "in", 0 0, o0000019b82b4a1d8;  0 drivers
v0000019b82b1bc70_0 .net "out", 0 0, L_0000019b82f496d0;  1 drivers
E_0000019b82b3e500 .event posedge, v0000019b82b23b80_0;
L_0000019b82f49810 .part v0000019b82b24620_0, 0, 2;
L_0000019b82f49590 .concat [ 2 1 0 0], L_0000019b82f49810, L_0000019b82f4a480;
L_0000019b82f49630 .cmp/eq 3, L_0000019b82f49590, L_0000019b82f4a4c8;
L_0000019b82f496d0 .part v0000019b82b24620_0, 1, 1;
S_0000019b82aea010 .scope module, "Rising2En" "Rising2En" 4 5;
 .timescale -9 -9;
    .port_info 0 /INPUT 1 "clk";
    .port_info 1 /INPUT 1 "in";
    .port_info 2 /OUTPUT 1 "en";
    .port_info 3 /OUTPUT 1 "out";
P_0000019b82b3de40 .param/l "SYNC_STG" 0 4 5, +C4<00000000000000000000000000000001>;
v0000019b82f402e0_0 .net *"_ivl_1", 1 0, L_0000019b82f499f0;  1 drivers
v0000019b82f40ba0_0 .net *"_ivl_2", 2 0, L_0000019b82f49b30;  1 drivers
L_0000019b82f4a510 .functor BUFT 1, C4<0>, C4<0>, C4<0>, C4<0>;
v0000019b82f418c0_0 .net *"_ivl_5", 0 0, L_0000019b82f4a510;  1 drivers
L_0000019b82f4a558 .functor BUFT 1, C4<001>, C4<0>, C4<0>, C4<0>;
v0000019b82f40420_0 .net/2u *"_ivl_6", 2 0, L_0000019b82f4a558;  1 drivers
o0000019b82b4a3b8 .functor BUFZ 1, C4<z>; HiZ drive
v0000019b82f41d20_0 .net "clk", 0 0, o0000019b82b4a3b8;  0 drivers
v0000019b82f41780_0 .var "dly", 1 0;
v0000019b82f40a60_0 .net "en", 0 0, L_0000019b82f49c70;  1 drivers
o0000019b82b4a448 .functor BUFZ 1, C4<z>; HiZ drive
v0000019b82f406a0_0 .net "in", 0 0, o0000019b82b4a448;  0 drivers
v0000019b82f41be0_0 .net "out", 0 0, L_0000019b82f49db0;  1 drivers
E_0000019b82b3f540 .event posedge, v0000019b82f41d20_0;
L_0000019b82f499f0 .part v0000019b82f41780_0, 0, 2;
L_0000019b82f49b30 .concat [ 2 1 0 0], L_0000019b82f499f0, L_0000019b82f4a510;
L_0000019b82f49c70 .cmp/eq 3, L_0000019b82f49b30, L_0000019b82f4a558;
L_0000019b82f49db0 .part v0000019b82f41780_0, 1, 1;
S_0000019b82ae1350 .scope module, "TestSpi" "TestSpi" 5 4;
 .timescale -9 -9;
o0000019b82b4c5a8 .functor BUFZ 1, C4<z>; HiZ drive
; Elide local net with no drivers, v0000019b82f48c30_0 name=_ivl_0
o0000019b82b4c5d8 .functor BUFZ 1, C4<z>; HiZ drive
; Elide local net with no drivers, v0000019b82f48730_0 name=_ivl_4
v0000019b82f49f90_0 .var "clk", 0 0;
v0000019b82f48410_0 .net "mbusy", 0 0, v0000019b82f43470_0;  1 drivers
v0000019b82f49ef0_0 .net "miso", 0 0, L_0000019b82fa2620;  1 drivers
v0000019b82f48cd0_0 .net "mmosi", 0 0, v0000019b82f42250_0;  1 drivers
v0000019b82f49e50_0 .net "mmosi_tri", 0 0, L_0000019b82b420e0;  1 drivers
v0000019b82f49450_0 .net "mosi", 0 0, L_0000019b82fa28a0;  1 drivers
v0000019b82f49d10_0 .net "mread", 0 0, L_0000019b82b41f90;  1 drivers
v0000019b82f48d70_0 .net "mrx_d", 7 0, v0000019b82f42930_0;  1 drivers
v0000019b82f4a030 .array "mrx_data", 0 5, 7 0;
v0000019b82f4a0d0_0 .var "mrx_idx", 2 0;
v0000019b82f48e10_0 .var "mtx_d", 7 0;
v0000019b82f49950 .array "mtx_data", 0 5, 7 0;
v0000019b82f491d0_0 .var "mtx_idx", 2 0;
v0000019b82f48f50_0 .net "mvalid", 0 0, v0000019b82f42610_0;  1 drivers
v0000019b82f489b0_0 .var "rst", 0 0;
v0000019b82f48870_0 .net "sbusy", 0 0, v0000019b82f480c0_0;  1 drivers
v0000019b82f49770_0 .net "sclk0", 0 0, v0000019b82f43c90_0;  1 drivers
v0000019b82f49bd0_0 .net "smiso", 0 0, L_0000019b82fa3d40;  1 drivers
v0000019b82f48230_0 .net "smiso_tri", 0 0, L_0000019b82b41900;  1 drivers
v0000019b82f48690_0 .net "sread", 0 0, L_0000019b82b423f0;  1 drivers
v0000019b82f482d0_0 .net "srx_d", 7 0, v0000019b82f47bc0_0;  1 drivers
v0000019b82f498b0 .array "srx_data", 0 5, 7 0;
v0000019b82f48eb0_0 .var "srx_idx", 2 0;
v0000019b82f48370_0 .var "ss_mask", 23 0;
v0000019b82f49090_0 .net "ss_n", 23 0, v0000019b82f429d0_0;  1 drivers
v0000019b82f487d0_0 .var "start", 0 0;
v0000019b82f48550_0 .var "stx_d", 7 0;
v0000019b82f48a50 .array "stx_data", 0 5, 7 0;
v0000019b82f49310_0 .var "stx_idx", 2 0;
v0000019b82f494f0_0 .net "svalid", 0 0, v0000019b82f484b0_0;  1 drivers
v0000019b82f48b90_0 .var "trans_len", 7 0;
E_0000019b82b3edc0 .event anyedge, v0000019b82f41aa0_0;
L_0000019b82fa28a0 .functor MUXZ 1, v0000019b82f42250_0, o0000019b82b4c5a8, L_0000019b82b420e0, C4<>;
L_0000019b82fa2620 .functor MUXZ 1, L_0000019b82fa3d40, o0000019b82b4c5d8, L_0000019b82b41900, C4<>;
L_0000019b82fa35c0 .part v0000019b82f429d0_0, 3, 1;
S_0000019b82add5e0 .scope module, "theMaster" "SpiMaster" 5 50, 6 5 0, S_0000019b82ae1350;
 .timescale -9 -9;
    .port_info 0 /INPUT 1 "clk";
    .port_info 1 /INPUT 1 "rst";
    .port_info 2 /INPUT 1 "start";
    .port_info 3 /INPUT 24 "ss_mask";
    .port_info 4 /INPUT 8 "trans_len";
    .port_info 5 /OUTPUT 1 "read";
    .port_info 6 /INPUT 8 "tx_data";
    .port_info 7 /OUTPUT 1 "valid";
    .port_info 8 /OUTPUT 8 "rx_data";
    .port_info 9 /OUTPUT 1 "busy";
    .port_info 10 /OUTPUT 1 "sclk0";
    .port_info 11 /OUTPUT 1 "sclk1";
    .port_info 12 /OUTPUT 1 "mosi";
    .port_info 13 /OUTPUT 1 "mosi_tri";
    .port_info 14 /INPUT 1 "miso";
    .port_info 15 /OUTPUT 24 "ss_n";
P_0000019b82bd9730 .param/l "CHPA" 0 6 7, +C4<00000000000000000000000000000001>;
P_0000019b82bd9768 .param/l "HBR_DIV" 0 6 6, +C4<00000000000000000000000000000100>;
L_0000019b82b41dd0 .functor AND 1, L_0000019b82fa3e80, L_0000019b82b41b30, C4<1>, C4<1>;
L_0000019b82b41f90 .functor AND 1, L_0000019b82b41dd0, L_0000019b82fa2ee0, C4<1>, C4<1>;
L_0000019b82f4a750 .functor BUFT 1, C4<0>, C4<0>, C4<0>, C4<0>;
L_0000019b82b417b0 .functor XNOR 1, L_0000019b82fa3700, L_0000019b82f4a750, C4<0>, C4<0>;
L_0000019b82b41a50 .functor AND 1, L_0000019b82b417b0, L_0000019b82b41b30, C4<1>, C4<1>;
L_0000019b82b420e0 .functor NOT 1, v0000019b82f43470_0, C4<0>, C4<0>, C4<0>;
L_0000019b82f4a798 .functor BUFT 1, C4<0>, C4<0>, C4<0>, C4<0>;
L_0000019b82b41ac0 .functor XNOR 1, L_0000019b82fa2800, L_0000019b82f4a798, C4<0>, C4<0>;
L_0000019b82b42150 .functor AND 1, L_0000019b82b41ac0, L_0000019b82b41b30, C4<1>, C4<1>;
L_0000019b82b424d0 .functor AND 1, L_0000019b82fa2b20, L_0000019b82b41b30, C4<1>, C4<1>;
L_0000019b82b42230 .functor AND 1, L_0000019b82b424d0, L_0000019b82fa2260, C4<1>, C4<1>;
v0000019b82f41c80_0 .net *"_ivl_1", 3 0, L_0000019b82fa3660;  1 drivers
L_0000019b82f4a678 .functor BUFT 1, C4<0000000000000000000>, C4<0>, C4<0>, C4<0>;
v0000019b82f40920_0 .net *"_ivl_11", 18 0, L_0000019b82f4a678;  1 drivers
v0000019b82f413c0_0 .net *"_ivl_12", 31 0, L_0000019b82fa37a0;  1 drivers
L_0000019b82f4a6c0 .functor BUFT 1, C4<0000000000000000000>, C4<0>, C4<0>, C4<0>;
v0000019b82f409c0_0 .net *"_ivl_15", 18 0, L_0000019b82f4a6c0;  1 drivers
L_0000019b82f4a708 .functor BUFT 1, C4<00000000000000000000000000010000>, C4<0>, C4<0>, C4<0>;
v0000019b82f41dc0_0 .net/2u *"_ivl_16", 31 0, L_0000019b82f4a708;  1 drivers
v0000019b82f41460_0 .net *"_ivl_18", 31 0, L_0000019b82fa24e0;  1 drivers
L_0000019b82f4a630 .functor BUFT 1, C4<0000>, C4<0>, C4<0>, C4<0>;
v0000019b82f41f00_0 .net/2u *"_ivl_2", 3 0, L_0000019b82f4a630;  1 drivers
v0000019b82f40600_0 .net *"_ivl_20", 0 0, L_0000019b82fa2ee0;  1 drivers
v0000019b82f40060_0 .net *"_ivl_25", 0 0, L_0000019b82fa3700;  1 drivers
v0000019b82f40ce0_0 .net/2u *"_ivl_26", 0 0, L_0000019b82f4a750;  1 drivers
v0000019b82f40f60_0 .net *"_ivl_28", 0 0, L_0000019b82b417b0;  1 drivers
v0000019b82f40560_0 .net *"_ivl_35", 0 0, L_0000019b82fa2800;  1 drivers
v0000019b82f40100_0 .net/2u *"_ivl_36", 0 0, L_0000019b82f4a798;  1 drivers
v0000019b82f41500_0 .net *"_ivl_38", 0 0, L_0000019b82b41ac0;  1 drivers
v0000019b82f40d80_0 .net *"_ivl_4", 0 0, L_0000019b82fa3e80;  1 drivers
v0000019b82f401a0_0 .net *"_ivl_43", 3 0, L_0000019b82fa2a80;  1 drivers
L_0000019b82f4a7e0 .functor BUFT 1, C4<0000>, C4<0>, C4<0>, C4<0>;
v0000019b82f41960_0 .net/2u *"_ivl_44", 3 0, L_0000019b82f4a7e0;  1 drivers
v0000019b82f40e20_0 .net *"_ivl_46", 0 0, L_0000019b82fa2b20;  1 drivers
v0000019b82f40240_0 .net *"_ivl_48", 0 0, L_0000019b82b424d0;  1 drivers
v0000019b82f40ec0_0 .net *"_ivl_50", 31 0, L_0000019b82fa3980;  1 drivers
L_0000019b82f4a828 .functor BUFT 1, C4<0000000000000000000>, C4<0>, C4<0>, C4<0>;
v0000019b82f41000_0 .net *"_ivl_53", 18 0, L_0000019b82f4a828;  1 drivers
L_0000019b82f4a870 .functor BUFT 1, C4<00000000000000000000000000000000>, C4<0>, C4<0>, C4<0>;
v0000019b82f41640_0 .net/2u *"_ivl_54", 31 0, L_0000019b82f4a870;  1 drivers
v0000019b82f41140_0 .net *"_ivl_56", 0 0, L_0000019b82fa2260;  1 drivers
v0000019b82f411e0_0 .net *"_ivl_6", 0 0, L_0000019b82b41dd0;  1 drivers
v0000019b82f416e0_0 .net *"_ivl_8", 31 0, L_0000019b82fa2da0;  1 drivers
v0000019b82f43470_0 .var "busy", 0 0;
v0000019b82f42110_0 .net "clk", 0 0, v0000019b82f49f90_0;  1 drivers
v0000019b82f421b0_0 .net "hbit_cnt", 12 0, v0000019b82f40380_0;  1 drivers
v0000019b82f42070_0 .var "hbit_cnt_max", 12 0;
v0000019b82f43e70_0 .net "hbit_co", 0 0, L_0000019b82b41660;  1 drivers
v0000019b82f43510_0 .net "hbr_co", 0 0, L_0000019b82b41b30;  1 drivers
v0000019b82f43d30_0 .net "in_shift", 0 0, L_0000019b82b42150;  1 drivers
v0000019b82f426b0_0 .net "miso", 0 0, L_0000019b82fa2620;  alias, 1 drivers
v0000019b82f43dd0_0 .var "miso_shift_reg", 7 0;
v0000019b82f42250_0 .var "mosi", 0 0;
v0000019b82f43330_0 .var "mosi_shift_reg", 7 0;
v0000019b82f42d90_0 .net "mosi_tri", 0 0, L_0000019b82b420e0;  alias, 1 drivers
v0000019b82f43a10_0 .net "out_shift", 0 0, L_0000019b82b41a50;  1 drivers
v0000019b82f43290_0 .net "out_valid", 0 0, L_0000019b82b42230;  1 drivers
v0000019b82f43150_0 .net "read", 0 0, L_0000019b82b41f90;  alias, 1 drivers
v0000019b82f427f0_0 .var "read_dly", 0 0;
v0000019b82f43650_0 .net "rst", 0 0, v0000019b82f489b0_0;  1 drivers
v0000019b82f42930_0 .var "rx_data", 7 0;
v0000019b82f43c90_0 .var "sclk0", 0 0;
v0000019b82f422f0_0 .var "sclk1", 0 0;
v0000019b82f42750_0 .net "ss_mask", 23 0, v0000019b82f48370_0;  1 drivers
v0000019b82f42390_0 .var "ss_mask_reg", 23 0;
v0000019b82f429d0_0 .var "ss_n", 23 0;
v0000019b82f43f10_0 .net "start", 0 0, v0000019b82f487d0_0;  1 drivers
v0000019b82f42cf0_0 .net "trans_len", 7 0, v0000019b82f48b90_0;  1 drivers
v0000019b82f42430_0 .net "tx_data", 7 0, v0000019b82f48e10_0;  1 drivers
v0000019b82f42610_0 .var "valid", 0 0;
L_0000019b82fa3660 .part v0000019b82f40380_0, 0, 4;
L_0000019b82fa3e80 .cmp/eq 4, L_0000019b82fa3660, L_0000019b82f4a630;
L_0000019b82fa2da0 .concat [ 13 19 0 0], v0000019b82f40380_0, L_0000019b82f4a678;
L_0000019b82fa37a0 .concat [ 13 19 0 0], v0000019b82f42070_0, L_0000019b82f4a6c0;
L_0000019b82fa24e0 .arith/sub 32, L_0000019b82fa37a0, L_0000019b82f4a708;
L_0000019b82fa2ee0 .cmp/gt 32, L_0000019b82fa24e0, L_0000019b82fa2da0;
L_0000019b82fa3700 .part v0000019b82f40380_0, 0, 1;
L_0000019b82fa2800 .part v0000019b82f40380_0, 0, 1;
L_0000019b82fa2a80 .part v0000019b82f40380_0, 0, 4;
L_0000019b82fa2b20 .cmp/eq 4, L_0000019b82fa2a80, L_0000019b82f4a7e0;
L_0000019b82fa3980 .concat [ 13 19 0 0], v0000019b82f40380_0, L_0000019b82f4a828;
L_0000019b82fa2260 .cmp/gt 32, L_0000019b82fa3980, L_0000019b82f4a870;
S_0000019b82ad8cf0 .scope module, "hbitCnt" "CounterMax" 6 31, 3 37 0, S_0000019b82add5e0;
 .timescale -9 -9;
    .port_info 0 /INPUT 1 "clk";
    .port_info 1 /INPUT 1 "rst";
    .port_info 2 /INPUT 1 "en";
    .port_info 3 /INPUT 13 "max";
    .port_info 4 /OUTPUT 13 "cnt";
    .port_info 5 /OUTPUT 1 "co";
P_0000019b82b3f2c0 .param/l "DW" 0 3 38, +C4<00000000000000000000000000001101>;
L_0000019b82b41660 .functor AND 1, L_0000019b82b41b30, L_0000019b82fa3de0, C4<1>, C4<1>;
v0000019b82f415a0_0 .net *"_ivl_0", 0 0, L_0000019b82fa3de0;  1 drivers
v0000019b82f41b40_0 .net "clk", 0 0, v0000019b82f49f90_0;  alias, 1 drivers
v0000019b82f40380_0 .var "cnt", 12 0;
v0000019b82f40c40_0 .net "co", 0 0, L_0000019b82b41660;  alias, 1 drivers
v0000019b82f41280_0 .net "en", 0 0, L_0000019b82b41b30;  alias, 1 drivers
v0000019b82f41820_0 .net "max", 12 0, v0000019b82f42070_0;  1 drivers
v0000019b82f410a0_0 .net "rst", 0 0, v0000019b82f489b0_0;  alias, 1 drivers
E_0000019b82b3e840 .event posedge, v0000019b82f41b40_0;
L_0000019b82fa3de0 .cmp/eq 13, v0000019b82f40380_0, v0000019b82f42070_0;
S_0000019b82ad8e80 .scope module, "hbrCnt" "Counter" 6 30, 3 20 0, S_0000019b82add5e0;
 .timescale -9 -9;
    .port_info 0 /INPUT 1 "clk";
    .port_info 1 /INPUT 1 "rst";
    .port_info 2 /INPUT 1 "en";
    .port_info 3 /OUTPUT 2 "cnt";
    .port_info 4 /OUTPUT 1 "co";
P_0000019b82b3e780 .param/l "M" 0 3 21, +C4<00000000000000000000000000000100>;
L_0000019b82b41b30 .functor AND 1, v0000019b82f43470_0, L_0000019b82fa29e0, C4<1>, C4<1>;
v0000019b82f40740_0 .net *"_ivl_0", 31 0, L_0000019b82fa30c0;  1 drivers
L_0000019b82f4a5a0 .functor BUFT 1, C4<000000000000000000000000000000>, C4<0>, C4<0>, C4<0>;
v0000019b82f407e0_0 .net *"_ivl_3", 29 0, L_0000019b82f4a5a0;  1 drivers
L_0000019b82f4a5e8 .functor BUFT 1, C4<00000000000000000000000000000011>, C4<0>, C4<0>, C4<0>;
v0000019b82f404c0_0 .net/2u *"_ivl_4", 31 0, L_0000019b82f4a5e8;  1 drivers
v0000019b82f40b00_0 .net *"_ivl_6", 0 0, L_0000019b82fa29e0;  1 drivers
v0000019b82f41a00_0 .net "clk", 0 0, v0000019b82f49f90_0;  alias, 1 drivers
v0000019b82f41320_0 .var "cnt", 1 0;
v0000019b82f41e60_0 .net "co", 0 0, L_0000019b82b41b30;  alias, 1 drivers
v0000019b82f41aa0_0 .net "en", 0 0, v0000019b82f43470_0;  alias, 1 drivers
v0000019b82f40880_0 .net "rst", 0 0, v0000019b82f489b0_0;  alias, 1 drivers
L_0000019b82fa30c0 .concat [ 2 30 0 0], v0000019b82f41320_0, L_0000019b82f4a5a0;
L_0000019b82fa29e0 .cmp/eq 32, L_0000019b82fa30c0, L_0000019b82f4a5e8;
S_0000019b82ad5610 .scope module, "theSlave" "SpiSlave" 5 53, 6 94 0, S_0000019b82ae1350;
 .timescale -9 -9;
    .port_info 0 /INPUT 1 "clk";
    .port_info 1 /INPUT 1 "rst";
    .port_info 2 /INPUT 1 "ss_n";
    .port_info 3 /INPUT 1 "sclk0";
    .port_info 4 /INPUT 1 "mosi";
    .port_info 5 /OUTPUT 1 "miso";
    .port_info 6 /OUTPUT 1 "miso_tri";
    .port_info 7 /OUTPUT 1 "read";
    .port_info 8 /INPUT 8 "tx_data";
    .port_info 9 /OUTPUT 1 "valid";
    .port_info 10 /OUTPUT 8 "rx_data";
    .port_info 11 /OUTPUT 1 "busy";
P_0000019b82b3f300 .param/l "CHPA" 0 6 95, +C4<00000000000000000000000000000001>;
L_0000019b82b422a0 .functor NOT 1, v0000019b82f47da0_0, C4<0>, C4<0>, C4<0>;
L_0000019b82b41cf0 .functor AND 1, L_0000019b82fa4100, L_0000019b82b422a0, C4<1>, C4<1>;
L_0000019b82b41820 .functor NOT 1, v0000019b82f47da0_0, C4<0>, C4<0>, C4<0>;
L_0000019b82b42380 .functor AND 1, L_0000019b82fa38e0, L_0000019b82b41820, C4<1>, C4<1>;
L_0000019b82b41740 .functor NOT 1, v0000019b82f47da0_0, C4<0>, C4<0>, C4<0>;
L_0000019b82b41890 .functor AND 1, L_0000019b82b41740, L_0000019b82b42380, C4<1>, C4<1>;
L_0000019b82b42310 .functor OR 1, v0000019b82f489b0_0, L_0000019b82fa3840, C4<0>, C4<0>;
L_0000019b82b423f0 .functor AND 1, L_0000019b82b41cf0, L_0000019b82fa2c60, C4<1>, C4<1>;
L_0000019b82b41c80 .functor BUFZ 1, L_0000019b82b41cf0, C4<0>, C4<0>, C4<0>;
L_0000019b82b41900 .functor BUFZ 1, v0000019b82f47da0_0, C4<0>, C4<0>, C4<0>;
L_0000019b82b41d60 .functor BUFZ 1, L_0000019b82b42380, C4<0>, C4<0>, C4<0>;
L_0000019b82b41e40 .functor AND 1, L_0000019b82b42380, L_0000019b82fa3c00, C4<1>, C4<1>;
v0000019b82f47b20_0 .net *"_ivl_0", 0 0, L_0000019b82b422a0;  1 drivers
v0000019b82f47440_0 .net *"_ivl_15", 2 0, L_0000019b82fa2440;  1 drivers
L_0000019b82f4ab88 .functor BUFT 1, C4<000>, C4<0>, C4<0>, C4<0>;
v0000019b82f47f80_0 .net/2u *"_ivl_16", 2 0, L_0000019b82f4ab88;  1 drivers
v0000019b82f46400_0 .net *"_ivl_18", 0 0, L_0000019b82fa2c60;  1 drivers
v0000019b82f471c0_0 .net *"_ivl_31", 2 0, L_0000019b82fa3160;  1 drivers
L_0000019b82f4abd0 .functor BUFT 1, C4<111>, C4<0>, C4<0>, C4<0>;
v0000019b82f47300_0 .net/2u *"_ivl_32", 2 0, L_0000019b82f4abd0;  1 drivers
v0000019b82f479e0_0 .net *"_ivl_34", 0 0, L_0000019b82fa3c00;  1 drivers
v0000019b82f464a0_0 .net *"_ivl_4", 0 0, L_0000019b82b41820;  1 drivers
v0000019b82f46900_0 .net *"_ivl_8", 0 0, L_0000019b82b41740;  1 drivers
v0000019b82f48020_0 .net "bit_cnt", 11 0, v0000019b82f43b50_0;  1 drivers
v0000019b82f47080_0 .net "bit_cnt_en", 0 0, L_0000019b82b41890;  1 drivers
v0000019b82f480c0_0 .var "busy", 0 0;
v0000019b82f46e00_0 .net "clk", 0 0, v0000019b82f49f90_0;  alias, 1 drivers
v0000019b82f476c0_0 .net "in_shift", 0 0, L_0000019b82b41d60;  1 drivers
v0000019b82f46540_0 .net "miso", 0 0, L_0000019b82fa3d40;  alias, 1 drivers
v0000019b82f46860_0 .var "miso_shift_reg", 7 0;
v0000019b82f47a80_0 .net "miso_tri", 0 0, L_0000019b82b41900;  alias, 1 drivers
v0000019b82f478a0_0 .net "mosi", 0 0, L_0000019b82fa28a0;  alias, 1 drivers
v0000019b82f465e0_0 .var "mosi_reg", 0 0;
v0000019b82f47580_0 .var "mosi_shift_reg", 7 0;
v0000019b82f469a0_0 .net "out_shift", 0 0, L_0000019b82b41c80;  1 drivers
v0000019b82f46680_0 .net "out_valid", 0 0, L_0000019b82b41e40;  1 drivers
v0000019b82f47120_0 .net "read", 0 0, L_0000019b82b423f0;  alias, 1 drivers
v0000019b82f47260_0 .var "read_dly", 0 0;
v0000019b82f47940_0 .net "rst", 0 0, v0000019b82f489b0_0;  alias, 1 drivers
v0000019b82f47bc0_0 .var "rx_data", 7 0;
v0000019b82f46a40_0 .net "sclk0", 0 0, v0000019b82f43c90_0;  alias, 1 drivers
v0000019b82f46ea0_0 .net "sclk_f", 0 0, L_0000019b82fa38e0;  1 drivers
v0000019b82f47c60_0 .net "sclk_falling", 0 0, L_0000019b82b42380;  1 drivers
v0000019b82f47d00_0 .net "sclk_r", 0 0, L_0000019b82fa4100;  1 drivers
v0000019b82f467c0_0 .net "sclk_rising", 0 0, L_0000019b82b41cf0;  1 drivers
v0000019b82f46c20_0 .net "ss_n", 0 0, L_0000019b82fa35c0;  1 drivers
v0000019b82f46cc0_0 .net "ss_n_falling", 0 0, L_0000019b82fa3840;  1 drivers
v0000019b82f47da0_0 .var "ss_n_reg", 0 0;
v0000019b82f46d60_0 .net "ss_n_rising", 0 0, L_0000019b82fa3ac0;  1 drivers
v0000019b82f474e0_0 .net "tx_data", 7 0, v0000019b82f48550_0;  1 drivers
v0000019b82f484b0_0 .var "valid", 0 0;
L_0000019b82fa2440 .part v0000019b82f43b50_0, 0, 3;
L_0000019b82fa2c60 .cmp/eq 3, L_0000019b82fa2440, L_0000019b82f4ab88;
L_0000019b82fa3d40 .part v0000019b82f46860_0, 0, 1;
L_0000019b82fa3160 .part v0000019b82f43b50_0, 0, 3;
L_0000019b82fa3c00 .cmp/eq 3, L_0000019b82fa3160, L_0000019b82f4abd0;
S_0000019b82a92830 .scope module, "bitCnt" "Counter" 6 119, 3 20 0, S_0000019b82ad5610;
 .timescale -9 -9;
    .port_info 0 /INPUT 1 "clk";
    .port_info 1 /INPUT 1 "rst";
    .port_info 2 /INPUT 1 "en";
    .port_info 3 /OUTPUT 12 "cnt";
    .port_info 4 /OUTPUT 1 "co";
P_0000019b82b40580 .param/l "M" 0 3 21, +C4<00000000000000000001000000000000>;
L_0000019b82b41ba0 .functor AND 1, L_0000019b82b41890, L_0000019b82fa26c0, C4<1>, C4<1>;
v0000019b82f424d0_0 .net *"_ivl_0", 31 0, L_0000019b82fa2bc0;  1 drivers
L_0000019b82f4aaf8 .functor BUFT 1, C4<00000000000000000000>, C4<0>, C4<0>, C4<0>;
v0000019b82f435b0_0 .net *"_ivl_3", 19 0, L_0000019b82f4aaf8;  1 drivers
L_0000019b82f4ab40 .functor BUFT 1, C4<00000000000000000000111111111111>, C4<0>, C4<0>, C4<0>;
v0000019b82f43ab0_0 .net/2u *"_ivl_4", 31 0, L_0000019b82f4ab40;  1 drivers
v0000019b82f42890_0 .net *"_ivl_6", 0 0, L_0000019b82fa26c0;  1 drivers
v0000019b82f43bf0_0 .net "clk", 0 0, v0000019b82f49f90_0;  alias, 1 drivers
v0000019b82f43b50_0 .var "cnt", 11 0;
v0000019b82f42570_0 .net "co", 0 0, L_0000019b82b41ba0;  1 drivers
v0000019b82f42a70_0 .net "en", 0 0, L_0000019b82b41890;  alias, 1 drivers
v0000019b82f42b10_0 .net "rst", 0 0, L_0000019b82b42310;  1 drivers
L_0000019b82fa2bc0 .concat [ 12 20 0 0], v0000019b82f43b50_0, L_0000019b82f4aaf8;
L_0000019b82fa26c0 .cmp/eq 32, L_0000019b82fa2bc0, L_0000019b82f4ab40;
S_0000019b82a929c0 .scope module, "sclkEdgeDet" "Edge2En" 6 114, 4 29 0, S_0000019b82ad5610;
 .timescale -9 -9;
    .port_info 0 /INPUT 1 "clk";
    .port_info 1 /INPUT 1 "in";
    .port_info 2 /OUTPUT 1 "rising";
    .port_info 3 /OUTPUT 1 "falling";
    .port_info 4 /OUTPUT 1 "out";
P_0000019b82b3f940 .param/l "SYNC_STG" 0 4 29, +C4<00000000000000000000000000000001>;
v0000019b82f42bb0_0 .net *"_ivl_1", 1 0, L_0000019b82fa2e40;  1 drivers
v0000019b82f43970_0 .net *"_ivl_11", 1 0, L_0000019b82fa3f20;  1 drivers
v0000019b82f42c50_0 .net *"_ivl_12", 2 0, L_0000019b82fa3a20;  1 drivers
L_0000019b82f4aa68 .functor BUFT 1, C4<0>, C4<0>, C4<0>, C4<0>;
v0000019b82f42e30_0 .net *"_ivl_15", 0 0, L_0000019b82f4aa68;  1 drivers
L_0000019b82f4aab0 .functor BUFT 1, C4<010>, C4<0>, C4<0>, C4<0>;
v0000019b82f436f0_0 .net/2u *"_ivl_16", 2 0, L_0000019b82f4aab0;  1 drivers
v0000019b82f431f0_0 .net *"_ivl_2", 2 0, L_0000019b82fa3520;  1 drivers
L_0000019b82f4a9d8 .functor BUFT 1, C4<0>, C4<0>, C4<0>, C4<0>;
v0000019b82f43790_0 .net *"_ivl_5", 0 0, L_0000019b82f4a9d8;  1 drivers
L_0000019b82f4aa20 .functor BUFT 1, C4<001>, C4<0>, C4<0>, C4<0>;
v0000019b82f42ed0_0 .net/2u *"_ivl_6", 2 0, L_0000019b82f4aa20;  1 drivers
v0000019b82f42f70_0 .net "clk", 0 0, v0000019b82f49f90_0;  alias, 1 drivers
v0000019b82f433d0_0 .var "dly", 1 0;
v0000019b82f43010_0 .net "falling", 0 0, L_0000019b82fa38e0;  alias, 1 drivers
v0000019b82f430b0_0 .net "in", 0 0, v0000019b82f43c90_0;  alias, 1 drivers
v0000019b82f43830_0 .net "out", 0 0, L_0000019b82fa3b60;  1 drivers
v0000019b82f438d0_0 .net "rising", 0 0, L_0000019b82fa4100;  alias, 1 drivers
L_0000019b82fa2e40 .part v0000019b82f433d0_0, 0, 2;
L_0000019b82fa3520 .concat [ 2 1 0 0], L_0000019b82fa2e40, L_0000019b82f4a9d8;
L_0000019b82fa4100 .cmp/eq 3, L_0000019b82fa3520, L_0000019b82f4aa20;
L_0000019b82fa3f20 .part v0000019b82f433d0_0, 0, 2;
L_0000019b82fa3a20 .concat [ 2 1 0 0], L_0000019b82fa3f20, L_0000019b82f4aa68;
L_0000019b82fa38e0 .cmp/eq 3, L_0000019b82fa3a20, L_0000019b82f4aab0;
L_0000019b82fa3b60 .part v0000019b82f433d0_0, 1, 1;
S_0000019b82f46040 .scope module, "ssnEdgeDet" "Edge2En" 6 113, 4 29 0, S_0000019b82ad5610;
 .timescale -9 -9;
    .port_info 0 /INPUT 1 "clk";
    .port_info 1 /INPUT 1 "in";
    .port_info 2 /OUTPUT 1 "rising";
    .port_info 3 /OUTPUT 1 "falling";
    .port_info 4 /OUTPUT 1 "out";
P_0000019b82b40300 .param/l "SYNC_STG" 0 4 29, +C4<00000000000000000000000000000001>;
v0000019b82f473a0_0 .net *"_ivl_1", 1 0, L_0000019b82fa2f80;  1 drivers
v0000019b82f47760_0 .net *"_ivl_11", 1 0, L_0000019b82fa2760;  1 drivers
v0000019b82f46360_0 .net *"_ivl_12", 2 0, L_0000019b82fa2940;  1 drivers
L_0000019b82f4a948 .functor BUFT 1, C4<0>, C4<0>, C4<0>, C4<0>;
v0000019b82f46fe0_0 .net *"_ivl_15", 0 0, L_0000019b82f4a948;  1 drivers
L_0000019b82f4a990 .functor BUFT 1, C4<010>, C4<0>, C4<0>, C4<0>;
v0000019b82f46f40_0 .net/2u *"_ivl_16", 2 0, L_0000019b82f4a990;  1 drivers
v0000019b82f46ae0_0 .net *"_ivl_2", 2 0, L_0000019b82fa2580;  1 drivers
L_0000019b82f4a8b8 .functor BUFT 1, C4<0>, C4<0>, C4<0>, C4<0>;
v0000019b82f46b80_0 .net *"_ivl_5", 0 0, L_0000019b82f4a8b8;  1 drivers
L_0000019b82f4a900 .functor BUFT 1, C4<001>, C4<0>, C4<0>, C4<0>;
v0000019b82f46720_0 .net/2u *"_ivl_6", 2 0, L_0000019b82f4a900;  1 drivers
v0000019b82f47620_0 .net "clk", 0 0, v0000019b82f49f90_0;  alias, 1 drivers
v0000019b82f462c0_0 .var "dly", 1 0;
v0000019b82f47ee0_0 .net "falling", 0 0, L_0000019b82fa3840;  alias, 1 drivers
v0000019b82f46220_0 .net "in", 0 0, L_0000019b82fa35c0;  alias, 1 drivers
v0000019b82f47800_0 .net "out", 0 0, L_0000019b82fa3fc0;  1 drivers
v0000019b82f47e40_0 .net "rising", 0 0, L_0000019b82fa3ac0;  alias, 1 drivers
L_0000019b82fa2f80 .part v0000019b82f462c0_0, 0, 2;
L_0000019b82fa2580 .concat [ 2 1 0 0], L_0000019b82fa2f80, L_0000019b82f4a8b8;
L_0000019b82fa3ac0 .cmp/eq 3, L_0000019b82fa2580, L_0000019b82f4a900;
L_0000019b82fa2760 .part v0000019b82f462c0_0, 0, 2;
L_0000019b82fa2940 .concat [ 2 1 0 0], L_0000019b82fa2760, L_0000019b82f4a948;
L_0000019b82fa3840 .cmp/eq 3, L_0000019b82fa2940, L_0000019b82f4a990;
L_0000019b82fa3fc0 .part v0000019b82f462c0_0, 1, 1;
    .scope S_0000019b82ae14e0;
T_0 ;
    %wait E_0000019b82b3dd40;
    %load/vec4 v0000019b82b39f20_0;
    %flag_set/vec4 8;
    %jmp/0xz  T_0.0, 8;
    %pushi/vec4 0, 0, 4;
    %assign/vec4 v0000019b82b3a420_0, 0;
    %jmp T_0.1;
T_0.0 ;
    %load/vec4 v0000019b82b3af60_0;
    %flag_set/vec4 8;
    %jmp/0xz  T_0.2, 8;
    %load/vec4 v0000019b82b3a420_0;
    %pad/u 32;
    %cmpi/u 9, 0, 32;
    %jmp/0xz  T_0.4, 5;
    %load/vec4 v0000019b82b3a420_0;
    %addi 1, 0, 4;
    %assign/vec4 v0000019b82b3a420_0, 0;
    %jmp T_0.5;
T_0.4 ;
    %pushi/vec4 0, 0, 4;
    %assign/vec4 v0000019b82b3a420_0, 0;
T_0.5 ;
T_0.2 ;
T_0.1 ;
    %jmp T_0;
    .thread T_0;
    .scope S_0000019b82add450;
T_1 ;
    %wait E_0000019b82b3dd40;
    %load/vec4 v0000019b82b3b280_0;
    %flag_set/vec4 8;
    %jmp/0xz  T_1.0, 8;
    %pushi/vec4 0, 0, 6;
    %assign/vec4 v0000019b82b3b320_0, 0;
    %jmp T_1.1;
T_1.0 ;
    %load/vec4 v0000019b82b3b0a0_0;
    %flag_set/vec4 8;
    %jmp/0xz  T_1.2, 8;
    %load/vec4 v0000019b82b3b320_0;
    %pad/u 32;
    %cmpi/u 59, 0, 32;
    %jmp/0xz  T_1.4, 5;
    %load/vec4 v0000019b82b3b320_0;
    %addi 1, 0, 6;
    %assign/vec4 v0000019b82b3b320_0, 0;
    %jmp T_1.5;
T_1.4 ;
    %pushi/vec4 0, 0, 6;
    %assign/vec4 v0000019b82b3b320_0, 0;
T_1.5 ;
T_1.2 ;
T_1.1 ;
    %jmp T_1;
    .thread T_1;
    .scope S_0000019b82ae5680;
T_2 ;
    %wait E_0000019b82b3dd40;
    %load/vec4 v0000019b82b39e80_0;
    %flag_set/vec4 8;
    %jmp/0xz  T_2.0, 8;
    %pushi/vec4 0, 0, 6;
    %assign/vec4 v0000019b82b39de0_0, 0;
    %jmp T_2.1;
T_2.0 ;
    %load/vec4 v0000019b82b3a7e0_0;
    %flag_set/vec4 8;
    %jmp/0xz  T_2.2, 8;
    %load/vec4 v0000019b82b39de0_0;
    %pad/u 32;
    %cmpi/u 59, 0, 32;
    %jmp/0xz  T_2.4, 5;
    %load/vec4 v0000019b82b39de0_0;
    %addi 1, 0, 6;
    %assign/vec4 v0000019b82b39de0_0, 0;
    %jmp T_2.5;
T_2.4 ;
    %pushi/vec4 0, 0, 6;
    %assign/vec4 v0000019b82b39de0_0, 0;
T_2.5 ;
T_2.2 ;
T_2.1 ;
    %jmp T_2;
    .thread T_2;
    .scope S_0000019b82ae54f0;
T_3 ;
    %wait E_0000019b82b3dd40;
    %load/vec4 v0000019b82b3a600_0;
    %flag_set/vec4 8;
    %jmp/0xz  T_3.0, 8;
    %pushi/vec4 0, 0, 5;
    %assign/vec4 v0000019b82b3a1a0_0, 0;
    %jmp T_3.1;
T_3.0 ;
    %load/vec4 v0000019b82b3a6a0_0;
    %flag_set/vec4 8;
    %jmp/0xz  T_3.2, 8;
    %load/vec4 v0000019b82b3a1a0_0;
    %pad/u 32;
    %cmpi/u 23, 0, 32;
    %jmp/0xz  T_3.4, 5;
    %load/vec4 v0000019b82b3a1a0_0;
    %addi 1, 0, 5;
    %assign/vec4 v0000019b82b3a1a0_0, 0;
    %jmp T_3.5;
T_3.4 ;
    %pushi/vec4 0, 0, 5;
    %assign/vec4 v0000019b82b3a1a0_0, 0;
T_3.5 ;
T_3.2 ;
T_3.1 ;
    %jmp T_3;
    .thread T_3;
    .scope S_0000019b82ae9e80;
T_4 ;
    %wait E_0000019b82b3e500;
    %load/vec4 v0000019b82b24620_0;
    %parti/s 1, 0, 2;
    %load/vec4 v0000019b82b1bbd0_0;
    %concat/vec4; draw_concat_vec4
    %assign/vec4 v0000019b82b24620_0, 0;
    %jmp T_4;
    .thread T_4;
    .scope S_0000019b82aea010;
T_5 ;
    %wait E_0000019b82b3f540;
    %load/vec4 v0000019b82f41780_0;
    %parti/s 1, 0, 2;
    %load/vec4 v0000019b82f406a0_0;
    %concat/vec4; draw_concat_vec4
    %assign/vec4 v0000019b82f41780_0, 0;
    %jmp T_5;
    .thread T_5;
    .scope S_0000019b82ad8e80;
T_6 ;
    %wait E_0000019b82b3e840;
    %load/vec4 v0000019b82f40880_0;
    %flag_set/vec4 8;
    %jmp/0xz  T_6.0, 8;
    %pushi/vec4 0, 0, 2;
    %assign/vec4 v0000019b82f41320_0, 0;
    %jmp T_6.1;
T_6.0 ;
    %load/vec4 v0000019b82f41aa0_0;
    %flag_set/vec4 8;
    %jmp/0xz  T_6.2, 8;
    %load/vec4 v0000019b82f41320_0;
    %pad/u 32;
    %cmpi/u 3, 0, 32;
    %jmp/0xz  T_6.4, 5;
    %load/vec4 v0000019b82f41320_0;
    %addi 1, 0, 2;
    %assign/vec4 v0000019b82f41320_0, 0;
    %jmp T_6.5;
T_6.4 ;
    %pushi/vec4 0, 0, 2;
    %assign/vec4 v0000019b82f41320_0, 0;
T_6.5 ;
T_6.2 ;
T_6.1 ;
    %jmp T_6;
    .thread T_6;
    .scope S_0000019b82ad8cf0;
T_7 ;
    %wait E_0000019b82b3e840;
    %load/vec4 v0000019b82f410a0_0;
    %flag_set/vec4 8;
    %jmp/0xz  T_7.0, 8;
    %pushi/vec4 0, 0, 13;
    %assign/vec4 v0000019b82f40380_0, 0;
    %jmp T_7.1;
T_7.0 ;
    %load/vec4 v0000019b82f41280_0;
    %flag_set/vec4 8;
    %jmp/0xz  T_7.2, 8;
    %load/vec4 v0000019b82f40380_0;
    %load/vec4 v0000019b82f41820_0;
    %cmp/u;
    %jmp/0xz  T_7.4, 5;
    %load/vec4 v0000019b82f40380_0;
    %addi 1, 0, 13;
    %assign/vec4 v0000019b82f40380_0, 0;
    %jmp T_7.5;
T_7.4 ;
    %pushi/vec4 0, 0, 13;
    %assign/vec4 v0000019b82f40380_0, 0;
T_7.5 ;
T_7.2 ;
T_7.1 ;
    %jmp T_7;
    .thread T_7;
    .scope S_0000019b82add5e0;
T_8 ;
    %wait E_0000019b82b3e840;
    %load/vec4 v0000019b82f43650_0;
    %flag_set/vec4 8;
    %jmp/0xz  T_8.0, 8;
    %pushi/vec4 0, 0, 13;
    %assign/vec4 v0000019b82f42070_0, 0;
    %jmp T_8.1;
T_8.0 ;
    %load/vec4 v0000019b82f43f10_0;
    %flag_set/vec4 8;
    %jmp/0xz  T_8.2, 8;
    %pushi/vec4 1, 0, 13;
    %load/vec4 v0000019b82f42cf0_0;
    %pad/u 13;
    %addi 1, 0, 13;
    %ix/load 4, 4, 0;
    %flag_set/imm 4, 0;
    %shiftl 4;
    %add;
    %assign/vec4 v0000019b82f42070_0, 0;
T_8.2 ;
T_8.1 ;
    %jmp T_8;
    .thread T_8;
    .scope S_0000019b82add5e0;
T_9 ;
    %wait E_0000019b82b3e840;
    %load/vec4 v0000019b82f43650_0;
    %flag_set/vec4 8;
    %jmp/0xz  T_9.0, 8;
    %pushi/vec4 0, 0, 1;
    %assign/vec4 v0000019b82f43470_0, 0;
    %jmp T_9.1;
T_9.0 ;
    %load/vec4 v0000019b82f43f10_0;
    %flag_set/vec4 8;
    %jmp/0xz  T_9.2, 8;
    %pushi/vec4 1, 0, 1;
    %assign/vec4 v0000019b82f43470_0, 0;
    %jmp T_9.3;
T_9.2 ;
    %load/vec4 v0000019b82f43e70_0;
    %flag_set/vec4 8;
    %jmp/0xz  T_9.4, 8;
    %pushi/vec4 0, 0, 1;
    %assign/vec4 v0000019b82f43470_0, 0;
T_9.4 ;
T_9.3 ;
T_9.1 ;
    %jmp T_9;
    .thread T_9;
    .scope S_0000019b82add5e0;
T_10 ;
    %wait E_0000019b82b3e840;
    %load/vec4 v0000019b82f43150_0;
    %assign/vec4 v0000019b82f427f0_0, 0;
    %jmp T_10;
    .thread T_10;
    .scope S_0000019b82add5e0;
T_11 ;
    %wait E_0000019b82b3e840;
    %load/vec4 v0000019b82f43650_0;
    %flag_set/vec4 8;
    %jmp/0xz  T_11.0, 8;
    %pushi/vec4 0, 0, 8;
    %assign/vec4 v0000019b82f43330_0, 0;
    %jmp T_11.1;
T_11.0 ;
    %load/vec4 v0000019b82f427f0_0;
    %flag_set/vec4 8;
    %jmp/0xz  T_11.2, 8;
    %load/vec4 v0000019b82f42430_0;
    %assign/vec4 v0000019b82f43330_0, 0;
    %jmp T_11.3;
T_11.2 ;
    %load/vec4 v0000019b82f43a10_0;
    %flag_set/vec4 8;
    %jmp/0xz  T_11.4, 8;
    %load/vec4 v0000019b82f43330_0;
    %ix/load 4, 1, 0;
    %flag_set/imm 4, 0;
    %shiftr 4;
    %assign/vec4 v0000019b82f43330_0, 0;
T_11.4 ;
T_11.3 ;
T_11.1 ;
    %jmp T_11;
    .thread T_11;
    .scope S_0000019b82add5e0;
T_12 ;
    %wait E_0000019b82b3e840;
    %load/vec4 v0000019b82f43330_0;
    %parti/s 1, 0, 2;
    %assign/vec4 v0000019b82f42250_0, 0;
    %jmp T_12;
    .thread T_12;
    .scope S_0000019b82add5e0;
T_13 ;
    %wait E_0000019b82b3e840;
    %load/vec4 v0000019b82f43290_0;
    %assign/vec4 v0000019b82f42610_0, 0;
    %jmp T_13;
    .thread T_13;
    .scope S_0000019b82add5e0;
T_14 ;
    %wait E_0000019b82b3e840;
    %load/vec4 v0000019b82f43650_0;
    %flag_set/vec4 8;
    %jmp/0xz  T_14.0, 8;
    %pushi/vec4 0, 0, 8;
    %assign/vec4 v0000019b82f43dd0_0, 0;
    %jmp T_14.1;
T_14.0 ;
    %load/vec4 v0000019b82f43d30_0;
    %flag_set/vec4 8;
    %jmp/0xz  T_14.2, 8;
    %load/vec4 v0000019b82f426b0_0;
    %load/vec4 v0000019b82f43dd0_0;
    %parti/s 7, 1, 2;
    %concat/vec4; draw_concat_vec4
    %assign/vec4 v0000019b82f43dd0_0, 0;
T_14.2 ;
T_14.1 ;
    %jmp T_14;
    .thread T_14;
    .scope S_0000019b82add5e0;
T_15 ;
    %wait E_0000019b82b3e840;
    %load/vec4 v0000019b82f43650_0;
    %flag_set/vec4 8;
    %jmp/0xz  T_15.0, 8;
    %pushi/vec4 0, 0, 8;
    %assign/vec4 v0000019b82f42930_0, 0;
    %jmp T_15.1;
T_15.0 ;
    %load/vec4 v0000019b82f43290_0;
    %flag_set/vec4 8;
    %jmp/0xz  T_15.2, 8;
    %load/vec4 v0000019b82f426b0_0;
    %load/vec4 v0000019b82f43dd0_0;
    %parti/s 7, 1, 2;
    %concat/vec4; draw_concat_vec4
    %assign/vec4 v0000019b82f42930_0, 0;
T_15.2 ;
T_15.1 ;
    %jmp T_15;
    .thread T_15;
    .scope S_0000019b82add5e0;
T_16 ;
    %wait E_0000019b82b3e840;
    %load/vec4 v0000019b82f43650_0;
    %flag_set/vec4 8;
    %jmp/0xz  T_16.0, 8;
    %pushi/vec4 0, 0, 24;
    %assign/vec4 v0000019b82f42390_0, 0;
    %jmp T_16.1;
T_16.0 ;
    %load/vec4 v0000019b82f43f10_0;
    %flag_set/vec4 8;
    %jmp/0xz  T_16.2, 8;
    %load/vec4 v0000019b82f42750_0;
    %assign/vec4 v0000019b82f42390_0, 0;
T_16.2 ;
T_16.1 ;
    %jmp T_16;
    .thread T_16;
    .scope S_0000019b82add5e0;
T_17 ;
    %wait E_0000019b82b3e840;
    %load/vec4 v0000019b82f43650_0;
    %flag_set/vec4 8;
    %jmp/0xz  T_17.0, 8;
    %pushi/vec4 0, 0, 1;
    %assign/vec4 v0000019b82f43c90_0, 0;
    %pushi/vec4 1, 0, 1;
    %assign/vec4 v0000019b82f422f0_0, 0;
    %jmp T_17.1;
T_17.0 ;
    %load/vec4 v0000019b82f421b0_0;
    %load/vec4 v0000019b82f42070_0;
    %cmp/u;
    %jmp/0xz  T_17.2, 5;
    %load/vec4 v0000019b82f421b0_0;
    %parti/s 1, 0, 2;
    %assign/vec4 v0000019b82f43c90_0, 0;
    %load/vec4 v0000019b82f421b0_0;
    %parti/s 1, 0, 2;
    %inv;
    %assign/vec4 v0000019b82f422f0_0, 0;
T_17.2 ;
T_17.1 ;
    %jmp T_17;
    .thread T_17;
    .scope S_0000019b82add5e0;
T_18 ;
    %wait E_0000019b82b3e840;
    %load/vec4 v0000019b82f43650_0;
    %flag_set/vec4 8;
    %jmp/0xz  T_18.0, 8;
    %pushi/vec4 16777215, 0, 24;
    %assign/vec4 v0000019b82f429d0_0, 0;
    %jmp T_18.1;
T_18.0 ;
    %load/vec4 v0000019b82f43470_0;
    %flag_set/vec4 9;
    %flag_get/vec4 9;
    %jmp/0 T_18.4, 9;
    %load/vec4 v0000019b82f421b0_0;
    %load/vec4 v0000019b82f42070_0;
    %cmp/u;
    %flag_get/vec4 5;
    %and;
T_18.4;
    %flag_set/vec4 8;
    %jmp/0xz  T_18.2, 8;
    %load/vec4 v0000019b82f42390_0;
    %inv;
    %assign/vec4 v0000019b82f429d0_0, 0;
    %jmp T_18.3;
T_18.2 ;
    %pushi/vec4 16777215, 0, 24;
    %assign/vec4 v0000019b82f429d0_0, 0;
T_18.3 ;
T_18.1 ;
    %jmp T_18;
    .thread T_18;
    .scope S_0000019b82f46040;
T_19 ;
    %wait E_0000019b82b3e840;
    %load/vec4 v0000019b82f462c0_0;
    %parti/s 1, 0, 2;
    %load/vec4 v0000019b82f46220_0;
    %concat/vec4; draw_concat_vec4
    %assign/vec4 v0000019b82f462c0_0, 0;
    %jmp T_19;
    .thread T_19;
    .scope S_0000019b82a929c0;
T_20 ;
    %wait E_0000019b82b3e840;
    %load/vec4 v0000019b82f433d0_0;
    %parti/s 1, 0, 2;
    %load/vec4 v0000019b82f430b0_0;
    %concat/vec4; draw_concat_vec4
    %assign/vec4 v0000019b82f433d0_0, 0;
    %jmp T_20;
    .thread T_20;
    .scope S_0000019b82a92830;
T_21 ;
    %wait E_0000019b82b3e840;
    %load/vec4 v0000019b82f42b10_0;
    %flag_set/vec4 8;
    %jmp/0xz  T_21.0, 8;
    %pushi/vec4 0, 0, 12;
    %assign/vec4 v0000019b82f43b50_0, 0;
    %jmp T_21.1;
T_21.0 ;
    %load/vec4 v0000019b82f42a70_0;
    %flag_set/vec4 8;
    %jmp/0xz  T_21.2, 8;
    %load/vec4 v0000019b82f43b50_0;
    %pad/u 32;
    %cmpi/u 4095, 0, 32;
    %jmp/0xz  T_21.4, 5;
    %load/vec4 v0000019b82f43b50_0;
    %addi 1, 0, 12;
    %assign/vec4 v0000019b82f43b50_0, 0;
    %jmp T_21.5;
T_21.4 ;
    %pushi/vec4 0, 0, 12;
    %assign/vec4 v0000019b82f43b50_0, 0;
T_21.5 ;
T_21.2 ;
T_21.1 ;
    %jmp T_21;
    .thread T_21;
    .scope S_0000019b82ad5610;
T_22 ;
    %wait E_0000019b82b3e840;
    %load/vec4 v0000019b82f46c20_0;
    %assign/vec4 v0000019b82f47da0_0, 0;
    %jmp T_22;
    .thread T_22;
    .scope S_0000019b82ad5610;
T_23 ;
    %wait E_0000019b82b3e840;
    %load/vec4 v0000019b82f478a0_0;
    %assign/vec4 v0000019b82f465e0_0, 0;
    %jmp T_23;
    .thread T_23;
    .scope S_0000019b82ad5610;
T_24 ;
    %wait E_0000019b82b3e840;
    %load/vec4 v0000019b82f47940_0;
    %flag_set/vec4 8;
    %jmp/0xz  T_24.0, 8;
    %pushi/vec4 0, 0, 1;
    %assign/vec4 v0000019b82f480c0_0, 0;
    %jmp T_24.1;
T_24.0 ;
    %load/vec4 v0000019b82f46cc0_0;
    %flag_set/vec4 8;
    %jmp/0xz  T_24.2, 8;
    %pushi/vec4 1, 0, 1;
    %assign/vec4 v0000019b82f480c0_0, 0;
    %jmp T_24.3;
T_24.2 ;
    %load/vec4 v0000019b82f46d60_0;
    %flag_set/vec4 8;
    %jmp/0xz  T_24.4, 8;
    %pushi/vec4 0, 0, 1;
    %assign/vec4 v0000019b82f480c0_0, 0;
T_24.4 ;
T_24.3 ;
T_24.1 ;
    %jmp T_24;
    .thread T_24;
    .scope S_0000019b82ad5610;
T_25 ;
    %wait E_0000019b82b3e840;
    %load/vec4 v0000019b82f47120_0;
    %assign/vec4 v0000019b82f47260_0, 0;
    %jmp T_25;
    .thread T_25;
    .scope S_0000019b82ad5610;
T_26 ;
    %wait E_0000019b82b3e840;
    %load/vec4 v0000019b82f47940_0;
    %flag_set/vec4 8;
    %jmp/0xz  T_26.0, 8;
    %pushi/vec4 0, 0, 8;
    %assign/vec4 v0000019b82f46860_0, 0;
    %jmp T_26.1;
T_26.0 ;
    %load/vec4 v0000019b82f47260_0;
    %flag_set/vec4 8;
    %jmp/0xz  T_26.2, 8;
    %load/vec4 v0000019b82f474e0_0;
    %assign/vec4 v0000019b82f46860_0, 0;
    %jmp T_26.3;
T_26.2 ;
    %load/vec4 v0000019b82f469a0_0;
    %load/vec4 v0000019b82f47120_0;
    %inv;
    %and;
    %flag_set/vec4 8;
    %jmp/0xz  T_26.4, 8;
    %load/vec4 v0000019b82f46860_0;
    %ix/load 4, 1, 0;
    %flag_set/imm 4, 0;
    %shiftr 4;
    %assign/vec4 v0000019b82f46860_0, 0;
T_26.4 ;
T_26.3 ;
T_26.1 ;
    %jmp T_26;
    .thread T_26;
    .scope S_0000019b82ad5610;
T_27 ;
    %wait E_0000019b82b3e840;
    %load/vec4 v0000019b82f46680_0;
    %assign/vec4 v0000019b82f484b0_0, 0;
    %jmp T_27;
    .thread T_27;
    .scope S_0000019b82ad5610;
T_28 ;
    %wait E_0000019b82b3e840;
    %load/vec4 v0000019b82f47940_0;
    %flag_set/vec4 8;
    %jmp/0xz  T_28.0, 8;
    %pushi/vec4 0, 0, 8;
    %assign/vec4 v0000019b82f47580_0, 0;
    %jmp T_28.1;
T_28.0 ;
    %load/vec4 v0000019b82f476c0_0;
    %flag_set/vec4 8;
    %jmp/0xz  T_28.2, 8;
    %load/vec4 v0000019b82f478a0_0;
    %load/vec4 v0000019b82f47580_0;
    %parti/s 7, 1, 2;
    %concat/vec4; draw_concat_vec4
    %assign/vec4 v0000019b82f47580_0, 0;
T_28.2 ;
T_28.1 ;
    %jmp T_28;
    .thread T_28;
    .scope S_0000019b82ad5610;
T_29 ;
    %wait E_0000019b82b3e840;
    %load/vec4 v0000019b82f47940_0;
    %flag_set/vec4 8;
    %jmp/0xz  T_29.0, 8;
    %pushi/vec4 0, 0, 8;
    %assign/vec4 v0000019b82f47bc0_0, 0;
    %jmp T_29.1;
T_29.0 ;
    %load/vec4 v0000019b82f46680_0;
    %flag_set/vec4 8;
    %jmp/0xz  T_29.2, 8;
    %load/vec4 v0000019b82f478a0_0;
    %load/vec4 v0000019b82f47580_0;
    %parti/s 7, 1, 2;
    %concat/vec4; draw_concat_vec4
    %assign/vec4 v0000019b82f47bc0_0, 0;
T_29.2 ;
T_29.1 ;
    %jmp T_29;
    .thread T_29;
    .scope S_0000019b82ae1350;
T_30 ;
    %pushi/vec4 0, 0, 1;
    %store/vec4 v0000019b82f487d0_0, 0, 1;
    %pushi/vec4 0, 0, 24;
    %store/vec4 v0000019b82f48370_0, 0, 24;
    %pushi/vec4 0, 0, 8;
    %store/vec4 v0000019b82f48b90_0, 0, 8;
    %pushi/vec4 0, 0, 3;
    %store/vec4 v0000019b82f491d0_0, 0, 3;
    %pushi/vec4 0, 0, 3;
    %store/vec4 v0000019b82f4a0d0_0, 0, 3;
    %pushi/vec4 0, 0, 3;
    %store/vec4 v0000019b82f49310_0, 0, 3;
    %pushi/vec4 0, 0, 3;
    %store/vec4 v0000019b82f48eb0_0, 0, 3;
    %end;
    .thread T_30, $init;
    .scope S_0000019b82ae1350;
T_31 ;
    %delay 0, 0;
    %pushi/vec4 0, 0, 1;
    %store/vec4 v0000019b82f49f90_0, 0, 1;
T_31.0 ;
    %delay 5, 0;
    %load/vec4 v0000019b82f49f90_0;
    %inv;
    %store/vec4 v0000019b82f49f90_0, 0, 1;
    %jmp T_31.0;
    %end;
    .thread T_31;
    .scope S_0000019b82ae1350;
T_32 ;
    %delay 0, 0;
    %pushi/vec4 1, 0, 1;
    %store/vec4 v0000019b82f489b0_0, 0, 1;
    %delay 11, 0;
    %pushi/vec4 0, 0, 1;
    %store/vec4 v0000019b82f489b0_0, 0, 1;
    %end;
    .thread T_32;
    .scope S_0000019b82ae1350;
T_33 ;
    %vpi_call/w 5 18 "$dumpfile", "wave.vcd" {0 0 0};
    %vpi_call/w 5 19 "$dumpvars", 32'sb00000000000000000000000000000000, S_0000019b82ae1350 {0 0 0};
    %delay 10000, 0;
    %vpi_call/w 5 20 "$finish" {0 0 0};
    %end;
    .thread T_33;
    .scope S_0000019b82ae1350;
T_34 ;
    %pushi/vec4 255, 0, 8;
    %ix/load 4, 0, 0;
    %flag_set/imm 4, 0;
    %store/vec4a v0000019b82f49950, 4, 0;
    %pushi/vec4 165, 0, 8;
    %ix/load 4, 1, 0;
    %flag_set/imm 4, 0;
    %store/vec4a v0000019b82f49950, 4, 0;
    %pushi/vec4 60, 0, 8;
    %ix/load 4, 2, 0;
    %flag_set/imm 4, 0;
    %store/vec4a v0000019b82f49950, 4, 0;
    %pushi/vec4 90, 0, 8;
    %ix/load 4, 3, 0;
    %flag_set/imm 4, 0;
    %store/vec4a v0000019b82f49950, 4, 0;
    %pushi/vec4 15, 0, 8;
    %ix/load 4, 4, 0;
    %flag_set/imm 4, 0;
    %store/vec4a v0000019b82f49950, 4, 0;
    %pushi/vec4 240, 0, 8;
    %ix/load 4, 5, 0;
    %flag_set/imm 4, 0;
    %store/vec4a v0000019b82f49950, 4, 0;
    %end;
    .thread T_34;
    .scope S_0000019b82ae1350;
T_35 ;
    %pushi/vec4 255, 0, 8;
    %ix/load 4, 0, 0;
    %flag_set/imm 4, 0;
    %store/vec4a v0000019b82f48a50, 4, 0;
    %pushi/vec4 51, 0, 8;
    %ix/load 4, 1, 0;
    %flag_set/imm 4, 0;
    %store/vec4a v0000019b82f48a50, 4, 0;
    %pushi/vec4 170, 0, 8;
    %ix/load 4, 2, 0;
    %flag_set/imm 4, 0;
    %store/vec4a v0000019b82f48a50, 4, 0;
    %pushi/vec4 85, 0, 8;
    %ix/load 4, 3, 0;
    %flag_set/imm 4, 0;
    %store/vec4a v0000019b82f48a50, 4, 0;
    %pushi/vec4 255, 0, 8;
    %ix/load 4, 4, 0;
    %flag_set/imm 4, 0;
    %store/vec4a v0000019b82f48a50, 4, 0;
    %pushi/vec4 0, 0, 8;
    %ix/load 4, 5, 0;
    %flag_set/imm 4, 0;
    %store/vec4a v0000019b82f48a50, 4, 0;
    %end;
    .thread T_35;
    .scope S_0000019b82ae1350;
T_36 ;
    %pushi/vec4 10, 0, 32;
T_36.0 %dup/vec4;
    %pushi/vec4 0, 0, 32;
    %cmp/s;
    %jmp/1xz T_36.1, 5;
    %jmp/1 T_36.1, 4;
    %pushi/vec4 1, 0, 32;
    %sub;
    %wait E_0000019b82b3e840;
    %jmp T_36.0;
T_36.1 ;
    %pop/vec4 1;
    %wait E_0000019b82b3e840;
    %pushi/vec4 2147484160, 0, 32;
    %concati/vec4 0, 0, 1;
    %split/vec4 8;
    %store/vec4 v0000019b82f48b90_0, 0, 8;
    %split/vec4 24;
    %store/vec4 v0000019b82f48370_0, 0, 24;
    %store/vec4 v0000019b82f487d0_0, 0, 1;
    %wait E_0000019b82b3e840;
    %pushi/vec4 0, 0, 33;
    %split/vec4 8;
    %store/vec4 v0000019b82f48b90_0, 0, 8;
    %split/vec4 24;
    %store/vec4 v0000019b82f48370_0, 0, 24;
    %store/vec4 v0000019b82f487d0_0, 0, 1;
    %wait E_0000019b82b3e840;
T_36.2 ;
    %load/vec4 v0000019b82f48410_0;
    %inv;
    %cmpi/ne 1, 0, 1;
    %jmp/0xz T_36.3, 6;
    %wait E_0000019b82b3edc0;
    %jmp T_36.2;
T_36.3 ;
    %wait E_0000019b82b3e840;
    %pushi/vec4 2147484672, 0, 32;
    %concati/vec4 0, 0, 1;
    %split/vec4 8;
    %store/vec4 v0000019b82f48b90_0, 0, 8;
    %split/vec4 24;
    %store/vec4 v0000019b82f48370_0, 0, 24;
    %store/vec4 v0000019b82f487d0_0, 0, 1;
    %wait E_0000019b82b3e840;
    %pushi/vec4 0, 0, 33;
    %split/vec4 8;
    %store/vec4 v0000019b82f48b90_0, 0, 8;
    %split/vec4 24;
    %store/vec4 v0000019b82f48370_0, 0, 24;
    %store/vec4 v0000019b82f487d0_0, 0, 1;
    %wait E_0000019b82b3e840;
T_36.4 ;
    %load/vec4 v0000019b82f48410_0;
    %inv;
    %cmpi/ne 1, 0, 1;
    %jmp/0xz T_36.5, 6;
    %wait E_0000019b82b3edc0;
    %jmp T_36.4;
T_36.5 ;
    %wait E_0000019b82b3e840;
    %pushi/vec4 2147484673, 0, 32;
    %concati/vec4 1, 0, 1;
    %split/vec4 8;
    %store/vec4 v0000019b82f48b90_0, 0, 8;
    %split/vec4 24;
    %store/vec4 v0000019b82f48370_0, 0, 24;
    %store/vec4 v0000019b82f487d0_0, 0, 1;
    %wait E_0000019b82b3e840;
    %pushi/vec4 0, 0, 33;
    %split/vec4 8;
    %store/vec4 v0000019b82f48b90_0, 0, 8;
    %split/vec4 24;
    %store/vec4 v0000019b82f48370_0, 0, 24;
    %store/vec4 v0000019b82f487d0_0, 0, 1;
    %wait E_0000019b82b3e840;
T_36.6 ;
    %load/vec4 v0000019b82f48410_0;
    %inv;
    %cmpi/ne 1, 0, 1;
    %jmp/0xz T_36.7, 6;
    %wait E_0000019b82b3edc0;
    %jmp T_36.6;
T_36.7 ;
    %end;
    .thread T_36;
    .scope S_0000019b82ae1350;
T_37 ;
    %wait E_0000019b82b3e840;
    %load/vec4 v0000019b82f49d10_0;
    %flag_set/vec4 8;
    %jmp/0xz  T_37.0, 8;
    %load/vec4 v0000019b82f491d0_0;
    %dup/vec4;
    %pushi/vec4 1, 0, 3;
    %add;
    %store/vec4 v0000019b82f491d0_0, 0, 3;
    %pad/u 4;
    %ix/vec4 4;
    %load/vec4a v0000019b82f49950, 4;
    %store/vec4 v0000019b82f48e10_0, 0, 8;
T_37.0 ;
    %jmp T_37;
    .thread T_37;
    .scope S_0000019b82ae1350;
T_38 ;
    %wait E_0000019b82b3e840;
    %load/vec4 v0000019b82f48690_0;
    %flag_set/vec4 8;
    %jmp/0xz  T_38.0, 8;
    %load/vec4 v0000019b82f49310_0;
    %dup/vec4;
    %pushi/vec4 1, 0, 3;
    %add;
    %store/vec4 v0000019b82f49310_0, 0, 3;
    %pad/u 4;
    %ix/vec4 4;
    %load/vec4a v0000019b82f48a50, 4;
    %store/vec4 v0000019b82f48550_0, 0, 8;
T_38.0 ;
    %jmp T_38;
    .thread T_38;
    .scope S_0000019b82ae1350;
T_39 ;
    %wait E_0000019b82b3e840;
    %load/vec4 v0000019b82f48f50_0;
    %flag_set/vec4 8;
    %jmp/0xz  T_39.0, 8;
    %load/vec4 v0000019b82f48d70_0;
    %load/vec4 v0000019b82f4a0d0_0;
    %dup/vec4;
    %pushi/vec4 1, 0, 3;
    %add;
    %store/vec4 v0000019b82f4a0d0_0, 0, 3;
    %pad/u 4;
    %ix/vec4 4;
    %store/vec4a v0000019b82f4a030, 4, 0;
T_39.0 ;
    %jmp T_39;
    .thread T_39;
    .scope S_0000019b82ae1350;
T_40 ;
    %wait E_0000019b82b3e840;
    %load/vec4 v0000019b82f494f0_0;
    %flag_set/vec4 8;
    %jmp/0xz  T_40.0, 8;
    %load/vec4 v0000019b82f482d0_0;
    %load/vec4 v0000019b82f48eb0_0;
    %dup/vec4;
    %pushi/vec4 1, 0, 3;
    %add;
    %store/vec4 v0000019b82f48eb0_0, 0, 3;
    %pad/u 4;
    %ix/vec4 4;
    %store/vec4a v0000019b82f498b0, 4, 0;
T_40.0 ;
    %jmp T_40;
    .thread T_40;
# The file index is used to find the file name in the following table.
:file_names 7;
    "N/A";
    "<interactive>";
    "-";
    "./../counter/counter.sv";
    "./../edge2en/edge2en.sv";
    "tb_spi.sv";
    "spi.sv";
